// Jest Snapshot v1, https://goo.gl/fbAQLP

exports[`Directions snapshot test Should match the snapshot 1`] = `
<div
  class="background"
>
  <div
    className="bgBlur jumbotron"
  >
    <div
      className="text-white container"
    >
      <h1
        class="landing-text"
      >
         Contact Us 
      </h1>
      <div
        className="center container"
      >
        <form
          className="rounded"
          noValidate={true}
          onSubmit={[Function]}
          style={
            Object {
              "backgroundColor": "#A02626",
              "flex": 1,
            }
          }
        >
          <div
            className="mb-3 form-group row"
          >
            <label
              className="text-right pr-4 mt-3 form-label col-form-label col-sm-2"
            >
               Your E-mail 
            </label>
            <input
              className="center mt-3 form-control"
              id="email"
              name="email"
              onChange={[Function]}
              placeholder="name@example.com"
              required={true}
              type="email"
              value=""
            />
          </div>
          <div
            className="mb-3 pr-4 form-group row"
          >
            <label
              className="text-right form-label col-form-label col-sm-2"
            >
               Topic
            </label>
            <div
              className="col-sm-10"
            >
              <select
                className="center form-control"
                id="subject"
                name="subject"
                onChange={[Function]}
                required={true}
                value="feedback"
              >
                <option
                  value="feedback"
                >
                   Feedback 
                </option>
                <option
                  value="booking"
                >
                   Venue Booking 
                </option>
                <option
                  value="message"
                >
                   Other 
                </option>
              </select>
            </div>
          </div>
          <div
            className="mb-3 form-group row"
          >
            <label
              className="text-right pr-4 form-label col-form-label col-sm-2"
            >
               Your Message 
            </label>
            <textarea
              className="center form-control"
              id="message"
              name="message"
              onChange={[Function]}
              placeholder="Leave a comment here"
              required={true}
              value=""
            />
          </div>
          <button
            className="btn btn-outline-dark btn-lg"
            disabled={false}
            id="submit"
            type="submit"
          >
             Send 
          </button>
        </form>
      </div>
    </div>
  </div>
  <div
    id="fixed"
  />
</div>
`;
