// Jest Snapshot v1, https://goo.gl/fbAQLP

exports[`It matches the snapshot 1`] = `
<p>
  Data is loading
</p>
`;
